﻿
> frontend@0.0.0 build
> vite build

[36mvite v8.0.11 [32mbuilding client environment for production...[36m[39m
[2K
transforming...✓ 1887 modules transformed.
node.exe : [31m✗[39m Build failed in 245ms
At C:\Program Files\nodejs\npm.ps1:29 char:3
+   & $NODE_EXE $NPM_CLI_JS $args
+   ~~~~~~~~~~~~~~~~~~~~~~~~~~~~~
    + CategoryInfo          : NotSpecified: ([31m✗[39m Build failed in 245ms:String) [], RemoteException
    + FullyQualifiedErrorId : NativeCommandError
 
[31merror during build:
[31mBuild failed with 1 error:

[plugin vite:css] D:/Shailendra/MyProject/MyAntigravity/CareerPilotAI/frontend/src/styles/globals.css:undefined:NaN
Error: [postcss] It looks like you're trying to use `tailwindcss` directly as a PostCSS plugin. The PostCSS plugin has 
moved to a separate package, so to continue using Tailwind CSS with PostCSS you'll need to install 
`@tailwindcss/postcss` and update your PostCSS configuration.
    at ft (D:\Shailendra\MyProject\MyAntigravity\CareerPilotAI\frontend\node_modules\tailwindcss\dist\lib.js:38:1643)
    at LazyResult.runOnRoot 
(D:\Shailendra\MyProject\MyAntigravity\CareerPilotAI\frontend\node_modules\postcss\lib\lazy-result.js:361:16)
    at LazyResult.runAsync 
(D:\Shailendra\MyProject\MyAntigravity\CareerPilotAI\frontend\node_modules\postcss\lib\lazy-result.js:290:26)
    at LazyResult.async 
(D:\Shailendra\MyProject\MyAntigravity\CareerPilotAI\frontend\node_modules\postcss\lib\lazy-result.js:192:30)
    at LazyResult.then 
(D:\Shailendra\MyProject\MyAntigravity\CareerPilotAI\frontend\node_modules\postcss\lib\lazy-result.js:449:17)[31m
    at aggregateBindingErrorsIntoJsError (file:///D:/Shailendra/MyProject/MyAntigravity/CareerPilotAI/frontend/node_mod
ules/rolldown/dist/shared/error-D4ASW9r2.mjs:48:18)
    at unwrapBindingResult (file:///D:/Shailendra/MyProject/MyAntigravity/CareerPilotAI/frontend/node_modules/rolldown/
dist/shared/error-D4ASW9r2.mjs:18:128)
    at #build (file:///D:/Shailendra/MyProject/MyAntigravity/CareerPilotAI/frontend/node_modules/rolldown/dist/shared/r
olldown-build-CorVA9v1.mjs:3255:34)
    at async buildEnvironment (file:///D:/Shailendra/MyProject/MyAntigravity/CareerPilotAI/frontend/node_modules/vite/d
ist/node/chunks/node.js:33033:64)
    at async Object.build (file:///D:/Shailendra/MyProject/MyAntigravity/CareerPilotAI/frontend/node_modules/vite/dist/
node/chunks/node.js:33455:19)
    at async Object.buildApp (file:///D:/Shailendra/MyProject/MyAntigravity/CareerPilotAI/frontend/node_modules/vite/di
st/node/chunks/node.js:33452:153)
    at async CAC.<anonymous> 
(file:///D:/Shailendra/MyProject/MyAntigravity/CareerPilotAI/frontend/node_modules/vite/dist/node/cli.js:778:3) {
  errors: [Getter/Setter]
}[39m
